Archive member included because of file (symbol)

E:/s32studio/S32DS/build_tools/gcc_v4.9/arm_ewl2/lib/armv7e-m\libc99.a(exit.o)
                              E:/s32studio/S32DS/build_tools/gcc_v4.9/arm_ewl2/lib/armv7e-m/__arm_start.o (exit)
E:/s32studio/S32DS/build_tools/gcc_v4.9/arm_ewl2/lib/armv7e-m\libc99.a(memset.o)
                              E:/s32studio/S32DS/build_tools/gcc_v4.9/arm_ewl2/lib/armv7e-m/__arm_start.o (memset)
E:/s32studio/S32DS/build_tools/gcc_v4.9/arm_ewl2/lib/armv7e-m\libc99.a(__filll_mem.o)
                              E:/s32studio/S32DS/build_tools/gcc_v4.9/arm_ewl2/lib/armv7e-m\libc99.a(memset.o) (__fill_mem)
E:/s32studio/S32DS/build_tools/gcc_v4.9/arm_ewl2/lib/armv7e-m\librt.a(gcc_ctor_dtor.o)
                              E:/s32studio/S32DS/build_tools/gcc_v4.9/arm_ewl2/lib/armv7e-m/__arm_start.o (__init_cpp)
E:/s32studio/S32DS/build_tools/gcc_v4.9/arm_ewl2/lib/armv7e-m\librt.a(__arm_eabi_init.o)
                              E:/s32studio/S32DS/build_tools/gcc_v4.9/arm_ewl2/lib/armv7e-m\libc99.a(exit.o) (__destroy_global_chain)
E:/s32studio/S32DS/build_tools/gcc_v4.9/arm_ewl2/lib/armv7e-m\librt.a(ROMCopy.o)
                              E:/s32studio/S32DS/build_tools/gcc_v4.9/arm_ewl2/lib/armv7e-m/__arm_start.o (__copy_rom_sections_to_ram)

Allocating common symbols
Common symbol       size              file

ADCstruct           0x24              ./src/fs4500.o
INTstructPrevious   0xb8              ./src/fs4500.o
PITstruct           0x8               ./src/fs4500.o
SPIstruct           0x18              ./src/fs4500.o
INTstruct           0xb8              ./src/fs4500.o
send_buf            0x14              ./src/bq79600.o

Discarded input sections

 .text          0x00000000        0x0 E:/s32studio/S32DS/build_tools/gcc_v4.9/arm_ewl2/lib/armv7e-m/__arm_start.o
 .data          0x00000000        0x0 E:/s32studio/S32DS/build_tools/gcc_v4.9/arm_ewl2/lib/armv7e-m/__arm_start.o
 .bss           0x00000000        0x0 E:/s32studio/S32DS/build_tools/gcc_v4.9/arm_ewl2/lib/armv7e-m/__arm_start.o
 .text.__thumb_startup
                0x00000000       0x3c E:/s32studio/S32DS/build_tools/gcc_v4.9/arm_ewl2/lib/armv7e-m/__arm_start.o
 .text.__iar_program_start
                0x00000000        0x4 E:/s32studio/S32DS/build_tools/gcc_v4.9/arm_ewl2/lib/armv7e-m/__arm_start.o
 .bss.argv      0x00000000        0x4 E:/s32studio/S32DS/build_tools/gcc_v4.9/arm_ewl2/lib/armv7e-m/__arm_start.o
 .debug_info    0x00000000      0x144 E:/s32studio/S32DS/build_tools/gcc_v4.9/arm_ewl2/lib/armv7e-m/__arm_start.o
 .debug_abbrev  0x00000000       0xc0 E:/s32studio/S32DS/build_tools/gcc_v4.9/arm_ewl2/lib/armv7e-m/__arm_start.o
 .debug_aranges
                0x00000000       0x28 E:/s32studio/S32DS/build_tools/gcc_v4.9/arm_ewl2/lib/armv7e-m/__arm_start.o
 .debug_line    0x00000000       0x68 E:/s32studio/S32DS/build_tools/gcc_v4.9/arm_ewl2/lib/armv7e-m/__arm_start.o
 .debug_str     0x00000000      0x279 E:/s32studio/S32DS/build_tools/gcc_v4.9/arm_ewl2/lib/armv7e-m/__arm_start.o
 .comment       0x00000000       0x71 E:/s32studio/S32DS/build_tools/gcc_v4.9/arm_ewl2/lib/armv7e-m/__arm_start.o
 .debug_frame   0x00000000       0x30 E:/s32studio/S32DS/build_tools/gcc_v4.9/arm_ewl2/lib/armv7e-m/__arm_start.o
 .ARM.attributes
                0x00000000       0x33 E:/s32studio/S32DS/build_tools/gcc_v4.9/arm_ewl2/lib/armv7e-m/__arm_start.o
 .group         0x00000000        0x8 ./Project_Settings/Startup_Code/startup.o
 .group         0x00000000        0x8 ./Project_Settings/Startup_Code/startup.o
 .group         0x00000000        0x8 ./Project_Settings/Startup_Code/startup.o
 .group         0x00000000        0x8 ./Project_Settings/Startup_Code/startup.o
 .group         0x00000000        0x8 ./Project_Settings/Startup_Code/startup.o
 .group         0x00000000        0x8 ./Project_Settings/Startup_Code/startup.o
 .group         0x00000000        0x8 ./Project_Settings/Startup_Code/startup.o
 .group         0x00000000        0x8 ./Project_Settings/Startup_Code/startup.o
 .group         0x00000000        0x8 ./Project_Settings/Startup_Code/startup.o
 .group         0x00000000        0x8 ./Project_Settings/Startup_Code/startup.o
 .group         0x00000000        0x8 ./Project_Settings/Startup_Code/startup.o
 .group         0x00000000        0x8 ./Project_Settings/Startup_Code/startup.o
 .group         0x00000000        0x8 ./Project_Settings/Startup_Code/startup.o
 .group         0x00000000        0x8 ./Project_Settings/Startup_Code/startup.o
 .group         0x00000000        0x8 ./Project_Settings/Startup_Code/startup.o
 .group         0x00000000        0x8 ./Project_Settings/Startup_Code/startup.o
 .group         0x00000000        0x8 ./Project_Settings/Startup_Code/startup.o
 .group         0x00000000        0x8 ./Project_Settings/Startup_Code/startup.o
 .text          0x00000000        0x0 ./Project_Settings/Startup_Code/startup.o
 .data          0x00000000        0x0 ./Project_Settings/Startup_Code/startup.o
 .bss           0x00000000        0x0 ./Project_Settings/Startup_Code/startup.o
 .data          0x00000000        0x0 ./Project_Settings/Startup_Code/startup_S32K148.o
 .bss           0x00000000        0x0 ./Project_Settings/Startup_Code/startup_S32K148.o
 .group         0x00000000        0x8 ./Project_Settings/Startup_Code/system_S32K148.o
 .group         0x00000000        0x8 ./Project_Settings/Startup_Code/system_S32K148.o
 .group         0x00000000        0x8 ./Project_Settings/Startup_Code/system_S32K148.o
 .group         0x00000000        0x8 ./Project_Settings/Startup_Code/system_S32K148.o
 .group         0x00000000        0x8 ./Project_Settings/Startup_Code/system_S32K148.o
 .group         0x00000000        0x8 ./Project_Settings/Startup_Code/system_S32K148.o
 .group         0x00000000        0x8 ./Project_Settings/Startup_Code/system_S32K148.o
 .group         0x00000000        0x8 ./Project_Settings/Startup_Code/system_S32K148.o
 .group         0x00000000        0x8 ./Project_Settings/Startup_Code/system_S32K148.o
 .group         0x00000000        0x8 ./Project_Settings/Startup_Code/system_S32K148.o
 .group         0x00000000        0x8 ./Project_Settings/Startup_Code/system_S32K148.o
 .group         0x00000000        0x8 ./Project_Settings/Startup_Code/system_S32K148.o
 .group         0x00000000        0x8 ./Project_Settings/Startup_Code/system_S32K148.o
 .group         0x00000000        0x8 ./Project_Settings/Startup_Code/system_S32K148.o
 .group         0x00000000        0x8 ./Project_Settings/Startup_Code/system_S32K148.o
 .group         0x00000000        0x8 ./Project_Settings/Startup_Code/system_S32K148.o
 .group         0x00000000        0x8 ./Project_Settings/Startup_Code/system_S32K148.o
 .group         0x00000000        0x8 ./Project_Settings/Startup_Code/system_S32K148.o
 .group         0x00000000        0x8 ./Project_Settings/Startup_Code/system_S32K148.o
 .text          0x00000000        0x0 ./Project_Settings/Startup_Code/system_S32K148.o
 .data          0x00000000        0x0 ./Project_Settings/Startup_Code/system_S32K148.o
 .bss           0x00000000        0x0 ./Project_Settings/Startup_Code/system_S32K148.o
 .data.SystemCoreClock
                0x00000000        0x4 ./Project_Settings/Startup_Code/system_S32K148.o
 .text.SystemCoreClockUpdate
                0x00000000       0xf4 ./Project_Settings/Startup_Code/system_S32K148.o
 .text.SystemSoftwareReset
                0x00000000       0x40 ./Project_Settings/Startup_Code/system_S32K148.o
 .rodata.fircFreq.5302
                0x00000000       0x10 ./Project_Settings/Startup_Code/system_S32K148.o
 .debug_macro   0x00000000      0x868 ./Project_Settings/Startup_Code/system_S32K148.o
 .debug_macro   0x00000000       0x52 ./Project_Settings/Startup_Code/system_S32K148.o
 .debug_macro   0x00000000       0xa0 ./Project_Settings/Startup_Code/system_S32K148.o
 .debug_macro   0x00000000       0x16 ./Project_Settings/Startup_Code/system_S32K148.o
 .debug_macro   0x00000000       0x10 ./Project_Settings/Startup_Code/system_S32K148.o
 .debug_macro   0x00000000       0x6d ./Project_Settings/Startup_Code/system_S32K148.o
 .debug_macro   0x00000000       0x16 ./Project_Settings/Startup_Code/system_S32K148.o
 .debug_macro   0x00000000       0x5e ./Project_Settings/Startup_Code/system_S32K148.o
 .debug_macro   0x00000000      0x185 ./Project_Settings/Startup_Code/system_S32K148.o
 .debug_macro   0x00000000      0x147 ./Project_Settings/Startup_Code/system_S32K148.o
 .debug_macro   0x00000000       0x9d ./Project_Settings/Startup_Code/system_S32K148.o
 .debug_macro   0x00000000       0x10 ./Project_Settings/Startup_Code/system_S32K148.o
 .debug_macro   0x00000000      0x15b ./Project_Settings/Startup_Code/system_S32K148.o
 .debug_macro   0x00000000       0x28 ./Project_Settings/Startup_Code/system_S32K148.o
 .debug_macro   0x00000000       0x58 ./Project_Settings/Startup_Code/system_S32K148.o
 .debug_macro   0x00000000    0x10fc7 ./Project_Settings/Startup_Code/system_S32K148.o
 .debug_macro   0x00000000      0xa0c ./Project_Settings/Startup_Code/system_S32K148.o
 .debug_macro   0x00000000       0x22 ./Project_Settings/Startup_Code/system_S32K148.o
 .group         0x00000000        0x8 ./src/CRC16.o
 .group         0x00000000        0x8 ./src/CRC16.o
 .group         0x00000000        0x8 ./src/CRC16.o
 .group         0x00000000        0x8 ./src/CRC16.o
 .group         0x00000000        0x8 ./src/CRC16.o
 .group         0x00000000        0x8 ./src/CRC16.o
 .group         0x00000000        0x8 ./src/CRC16.o
 .group         0x00000000        0x8 ./src/CRC16.o
 .group         0x00000000        0x8 ./src/CRC16.o
 .group         0x00000000        0x8 ./src/CRC16.o
 .group         0x00000000        0x8 ./src/CRC16.o
 .group         0x00000000        0x8 ./src/CRC16.o
 .group         0x00000000        0x8 ./src/CRC16.o
 .group         0x00000000        0x8 ./src/CRC16.o
 .group         0x00000000        0x8 ./src/CRC16.o
 .group         0x00000000        0x8 ./src/CRC16.o
 .group         0x00000000        0x8 ./src/CRC16.o
 .group         0x00000000        0x8 ./src/CRC16.o
 .group         0x00000000        0x8 ./src/CRC16.o
 .group         0x00000000        0x8 ./src/CRC16.o
 .group         0x00000000        0x8 ./src/CRC16.o
 .group         0x00000000        0x8 ./src/CRC16.o
 .group         0x00000000        0x8 ./src/CRC16.o
 .group         0x00000000        0x8 ./src/CRC16.o
 .group         0x00000000        0x8 ./src/CRC16.o
 .group         0x00000000        0x8 ./src/CRC16.o
 .text          0x00000000        0x0 ./src/CRC16.o
 .data          0x00000000        0x0 ./src/CRC16.o
 .bss           0x00000000        0x0 ./src/CRC16.o
 .debug_macro   0x00000000      0x868 ./src/CRC16.o
 .debug_macro   0x00000000       0x52 ./src/CRC16.o
 .debug_macro   0x00000000       0xa0 ./src/CRC16.o
 .debug_macro   0x00000000       0x16 ./src/CRC16.o
 .debug_macro   0x00000000       0x10 ./src/CRC16.o
 .debug_macro   0x00000000       0x6d ./src/CRC16.o
 .debug_macro   0x00000000       0x16 ./src/CRC16.o
 .debug_macro   0x00000000       0x5e ./src/CRC16.o
 .debug_macro   0x00000000      0x185 ./src/CRC16.o
 .debug_macro   0x00000000      0x147 ./src/CRC16.o
 .debug_macro   0x00000000       0x9d ./src/CRC16.o
 .debug_macro   0x00000000       0x10 ./src/CRC16.o
 .debug_macro   0x00000000      0x15b ./src/CRC16.o
 .debug_macro   0x00000000       0x28 ./src/CRC16.o
 .debug_macro   0x00000000       0x58 ./src/CRC16.o
 .debug_macro   0x00000000    0x10fc7 ./src/CRC16.o
 .debug_macro   0x00000000      0xa0c ./src/CRC16.o
 .debug_macro   0x00000000       0x22 ./src/CRC16.o
 .group         0x00000000        0x8 ./src/LPSPI.o
 .group         0x00000000        0x8 ./src/LPSPI.o
 .group         0x00000000        0x8 ./src/LPSPI.o
 .group         0x00000000        0x8 ./src/LPSPI.o
 .group         0x00000000        0x8 ./src/LPSPI.o
 .group         0x00000000        0x8 ./src/LPSPI.o
 .group         0x00000000        0x8 ./src/LPSPI.o
 .group         0x00000000        0x8 ./src/LPSPI.o
 .group         0x00000000        0x8 ./src/LPSPI.o
 .group         0x00000000        0x8 ./src/LPSPI.o
 .group         0x00000000        0x8 ./src/LPSPI.o
 .group         0x00000000        0x8 ./src/LPSPI.o
 .group         0x00000000        0x8 ./src/LPSPI.o
 .group         0x00000000        0x8 ./src/LPSPI.o
 .group         0x00000000        0x8 ./src/LPSPI.o
 .group         0x00000000        0x8 ./src/LPSPI.o
 .group         0x00000000        0x8 ./src/LPSPI.o
 .group         0x00000000        0x8 ./src/LPSPI.o
 .text          0x00000000        0x0 ./src/LPSPI.o
 .data          0x00000000        0x0 ./src/LPSPI.o
 .bss           0x00000000        0x0 ./src/LPSPI.o
 .text.LPSPI0_transmit_32bits
                0x00000000       0x38 ./src/LPSPI.o
 .text.LPSPI0_receive_32bits
                0x00000000       0x40 ./src/LPSPI.o
 .debug_macro   0x00000000      0x868 ./src/LPSPI.o
 .debug_macro   0x00000000       0x52 ./src/LPSPI.o
 .debug_macro   0x00000000       0xa0 ./src/LPSPI.o
 .debug_macro   0x00000000       0x16 ./src/LPSPI.o
 .debug_macro   0x00000000       0x10 ./src/LPSPI.o
 .debug_macro   0x00000000       0x6d ./src/LPSPI.o
 .debug_macro   0x00000000       0x16 ./src/LPSPI.o
 .debug_macro   0x00000000       0x5e ./src/LPSPI.o
 .debug_macro   0x00000000      0x185 ./src/LPSPI.o
 .debug_macro   0x00000000      0x147 ./src/LPSPI.o
 .debug_macro   0x00000000       0x9d ./src/LPSPI.o
 .debug_macro   0x00000000       0x10 ./src/LPSPI.o
 .debug_macro   0x00000000      0x15b ./src/LPSPI.o
 .debug_macro   0x00000000       0x28 ./src/LPSPI.o
 .debug_macro   0x00000000       0x58 ./src/LPSPI.o
 .debug_macro   0x00000000    0x10fc7 ./src/LPSPI.o
 .debug_macro   0x00000000      0xa0c ./src/LPSPI.o
 .debug_macro   0x00000000       0x22 ./src/LPSPI.o
 .group         0x00000000        0x8 ./src/bq79600.o
 .group         0x00000000        0x8 ./src/bq79600.o
 .group         0x00000000        0x8 ./src/bq79600.o
 .group         0x00000000        0x8 ./src/bq79600.o
 .group         0x00000000        0x8 ./src/bq79600.o
 .group         0x00000000        0x8 ./src/bq79600.o
 .group         0x00000000        0x8 ./src/bq79600.o
 .group         0x00000000        0x8 ./src/bq79600.o
 .group         0x00000000        0x8 ./src/bq79600.o
 .group         0x00000000        0x8 ./src/bq79600.o
 .group         0x00000000        0x8 ./src/bq79600.o
 .group         0x00000000        0x8 ./src/bq79600.o
 .group         0x00000000        0x8 ./src/bq79600.o
 .group         0x00000000        0x8 ./src/bq79600.o
 .group         0x00000000        0x8 ./src/bq79600.o
 .group         0x00000000        0x8 ./src/bq79600.o
 .group         0x00000000        0x8 ./src/bq79600.o
 .group         0x00000000        0x8 ./src/bq79600.o
 .group         0x00000000        0x8 ./src/bq79600.o
 .group         0x00000000        0x8 ./src/bq79600.o
 .group         0x00000000        0x8 ./src/bq79600.o
 .group         0x00000000        0x8 ./src/bq79600.o
 .group         0x00000000        0x8 ./src/bq79600.o
 .group         0x00000000        0x8 ./src/bq79600.o
 .group         0x00000000        0x8 ./src/bq79600.o
 .group         0x00000000        0x8 ./src/bq79600.o
 .group         0x00000000        0x8 ./src/bq79600.o
 .text          0x00000000        0x0 ./src/bq79600.o
 .data          0x00000000        0x0 ./src/bq79600.o
 .bss           0x00000000        0x0 ./src/bq79600.o
 .text.BQ79600_Single_Wr
                0x00000000      0x124 ./src/bq79600.o
 .debug_macro   0x00000000      0x868 ./src/bq79600.o
 .debug_macro   0x00000000       0x52 ./src/bq79600.o
 .debug_macro   0x00000000       0xa0 ./src/bq79600.o
 .debug_macro   0x00000000       0x16 ./src/bq79600.o
 .debug_macro   0x00000000       0x10 ./src/bq79600.o
 .debug_macro   0x00000000       0x6d ./src/bq79600.o
 .debug_macro   0x00000000       0x16 ./src/bq79600.o
 .debug_macro   0x00000000       0x5e ./src/bq79600.o
 .debug_macro   0x00000000      0x185 ./src/bq79600.o
 .debug_macro   0x00000000      0x147 ./src/bq79600.o
 .debug_macro   0x00000000       0x9d ./src/bq79600.o
 .debug_macro   0x00000000       0x10 ./src/bq79600.o
 .debug_macro   0x00000000      0x15b ./src/bq79600.o
 .debug_macro   0x00000000       0x28 ./src/bq79600.o
 .debug_macro   0x00000000       0x58 ./src/bq79600.o
 .debug_macro   0x00000000    0x10fc7 ./src/bq79600.o
 .debug_macro   0x00000000      0xa0c ./src/bq79600.o
 .debug_macro   0x00000000       0x22 ./src/bq79600.o
 .debug_macro   0x00000000       0x16 ./src/bq79600.o
 .debug_macro   0x00000000       0x16 ./src/bq79600.o
 .debug_macro   0x00000000       0x16 ./src/bq79600.o
 .debug_macro   0x00000000       0x16 ./src/bq79600.o
 .debug_macro   0x00000000       0x8b ./src/bq79600.o
 .debug_macro   0x00000000       0x22 ./src/bq79600.o
 .debug_macro   0x00000000       0x10 ./src/bq79600.o
 .debug_macro   0x00000000       0x20 ./src/bq79600.o
 .group         0x00000000        0x8 ./src/clocks_and_modes.o
 .group         0x00000000        0x8 ./src/clocks_and_modes.o
 .group         0x00000000        0x8 ./src/clocks_and_modes.o
 .group         0x00000000        0x8 ./src/clocks_and_modes.o
 .group         0x00000000        0x8 ./src/clocks_and_modes.o
 .group         0x00000000        0x8 ./src/clocks_and_modes.o
 .group         0x00000000        0x8 ./src/clocks_and_modes.o
 .group         0x00000000        0x8 ./src/clocks_and_modes.o
 .group         0x00000000        0x8 ./src/clocks_and_modes.o
 .group         0x00000000        0x8 ./src/clocks_and_modes.o
 .group         0x00000000        0x8 ./src/clocks_and_modes.o
 .group         0x00000000        0x8 ./src/clocks_and_modes.o
 .group         0x00000000        0x8 ./src/clocks_and_modes.o
 .group         0x00000000        0x8 ./src/clocks_and_modes.o
 .group         0x00000000        0x8 ./src/clocks_and_modes.o
 .group         0x00000000        0x8 ./src/clocks_and_modes.o
 .group         0x00000000        0x8 ./src/clocks_and_modes.o
 .group         0x00000000        0x8 ./src/clocks_and_modes.o
 .text          0x00000000        0x0 ./src/clocks_and_modes.o
 .data          0x00000000        0x0 ./src/clocks_and_modes.o
 .bss           0x00000000        0x0 ./src/clocks_and_modes.o
 .debug_macro   0x00000000      0x868 ./src/clocks_and_modes.o
 .debug_macro   0x00000000       0x52 ./src/clocks_and_modes.o
 .debug_macro   0x00000000       0xa0 ./src/clocks_and_modes.o
 .debug_macro   0x00000000       0x16 ./src/clocks_and_modes.o
 .debug_macro   0x00000000       0x10 ./src/clocks_and_modes.o
 .debug_macro   0x00000000       0x6d ./src/clocks_and_modes.o
 .debug_macro   0x00000000       0x16 ./src/clocks_and_modes.o
 .debug_macro   0x00000000       0x5e ./src/clocks_and_modes.o
 .debug_macro   0x00000000      0x185 ./src/clocks_and_modes.o
 .debug_macro   0x00000000      0x147 ./src/clocks_and_modes.o
 .debug_macro   0x00000000       0x9d ./src/clocks_and_modes.o
 .debug_macro   0x00000000       0x10 ./src/clocks_and_modes.o
 .debug_macro   0x00000000      0x15b ./src/clocks_and_modes.o
 .debug_macro   0x00000000       0x28 ./src/clocks_and_modes.o
 .debug_macro   0x00000000       0x58 ./src/clocks_and_modes.o
 .debug_macro   0x00000000    0x10fc7 ./src/clocks_and_modes.o
 .debug_macro   0x00000000      0xa0c ./src/clocks_and_modes.o
 .debug_macro   0x00000000       0x22 ./src/clocks_and_modes.o
 .group         0x00000000        0x8 ./src/fs4500.o
 .group         0x00000000        0x8 ./src/fs4500.o
 .group         0x00000000        0x8 ./src/fs4500.o
 .group         0x00000000        0x8 ./src/fs4500.o
 .group         0x00000000        0x8 ./src/fs4500.o
 .group         0x00000000        0x8 ./src/fs4500.o
 .group         0x00000000        0x8 ./src/fs4500.o
 .group         0x00000000        0x8 ./src/fs4500.o
 .group         0x00000000        0x8 ./src/fs4500.o
 .group         0x00000000        0x8 ./src/fs4500.o
 .group         0x00000000        0x8 ./src/fs4500.o
 .group         0x00000000        0x8 ./src/fs4500.o
 .group         0x00000000        0x8 ./src/fs4500.o
 .group         0x00000000        0x8 ./src/fs4500.o
 .group         0x00000000        0x8 ./src/fs4500.o
 .group         0x00000000        0x8 ./src/fs4500.o
 .group         0x00000000        0x8 ./src/fs4500.o
 .group         0x00000000        0x8 ./src/fs4500.o
 .group         0x00000000        0x8 ./src/fs4500.o
 .group         0x00000000        0x8 ./src/fs4500.o
 .group         0x00000000        0x8 ./src/fs4500.o
 .text          0x00000000        0x0 ./src/fs4500.o
 .data          0x00000000        0x0 ./src/fs4500.o
 .bss           0x00000000        0x0 ./src/fs4500.o
 .bss.rstb_status1
                0x00000000        0x4 ./src/fs4500.o
 .bss.fsdev_id  0x00000000        0x4 ./src/fs4500.o
 .bss.bist      0x00000000        0x4 ./src/fs4500.o
 .bss.VREG_userread
                0x00000000        0x4 ./src/fs4500.o
 .bss.Vreg_userinit
                0x00000000        0x4 ./src/fs4500.o
 .bss.WU1_init  0x00000000        0x4 ./src/fs4500.o
 .bss.WU2_init  0x00000000        0x4 ./src/fs4500.o
 .bss.INH_INIT  0x00000000        0x4 ./src/fs4500.o
 .bss.INT_init  0x00000000        0x4 ./src/fs4500.o
 .bss.F1SB_init
                0x00000000        0x4 ./src/fs4500.o
 .bss.WUSOURCE_init
                0x00000000        0x4 ./src/fs4500.o
 .bss.SUPERVISOR_init
                0x00000000        0x4 ./src/fs4500.o
 .bss.FAULT_init
                0x00000000        0x4 ./src/fs4500.o
 .bss.FSSM_init
                0x00000000        0x4 ./src/fs4500.o
 .bss.SFIMPACT_init
                0x00000000        0x4 ./src/fs4500.o
 .bss.WDWINDOW_init
                0x00000000        0x4 ./src/fs4500.o
 .bss.WDLFSR_init
                0x00000000        0x4 ./src/fs4500.o
 .bss.WDCNT_init
                0x00000000        0x4 ./src/fs4500.o
 .bss.VCORE_OVUV_IMPACT_init
                0x00000000        0x4 ./src/fs4500.o
 .bss.VCCA_OVUV_IMPACT_init
                0x00000000        0x4 ./src/fs4500.o
 .bss.VAUX_OVUV_IMPACT_init
                0x00000000        0x4 ./src/fs4500.o
 .bss.MODE_status
                0x00000000        0x4 ./src/fs4500.o
 .bss.HWCONFG_init
                0x00000000        0x4 ./src/fs4500.o
 .bss.DIAGVPRE_init
                0x00000000        0x4 ./src/fs4500.o
 .bss.DIAGVCORE_init
                0x00000000        0x4 ./src/fs4500.o
 .bss.DIAGVCCA_init
                0x00000000        0x4 ./src/fs4500.o
 .bss.DIAGVAUX_init
                0x00000000        0x4 ./src/fs4500.o
 .bss.DIAGVSUPVCAN_init
                0x00000000        0x4 ./src/fs4500.o
 .bss.DIAGCANFD_init
                0x00000000        0x4 ./src/fs4500.o
 .bss.DIAGCANLIN_init
                0x00000000        0x4 ./src/fs4500.o
 .bss.DIAGSPI_init
                0x00000000        0x4 ./src/fs4500.o
 .bss.DIAGSFIOS_init
                0x00000000        0x4 ./src/fs4500.o
 .bss.DIAGSFERR_init
                0x00000000        0x4 ./src/fs4500.o
 .bss.DEVICEIDFS_init
                0x00000000        0x4 ./src/fs4500.o
 .bss.FSxB_init
                0x00000000        0x4 ./src/fs4500.o
 .bss.BIST_init
                0x00000000        0x4 ./src/fs4500.o
 .bss.INIT_VAUX_OVUV_IMPACT_init
                0x00000000        0x4 ./src/fs4500.o
 .bss.canlin_mode
                0x00000000        0x4 ./src/fs4500.o
 .text.FS65_Init
                0x00000000        0xc ./src/fs4500.o
 .text.FS65_SendCmdR_test
                0x00000000       0x18 ./src/fs4500.o
 .text.FS65_SendCmdW_test
                0x00000000       0x14 ./src/fs4500.o
 .text.FS65_ReadCmdR_test
                0x00000000       0x1c ./src/fs4500.o
 .text.fs4500_config
                0x00000000      0x4e0 ./src/fs4500.o
 .debug_info    0x00000000     0x2967 ./src/fs4500.o
 .debug_abbrev  0x00000000      0x1de ./src/fs4500.o
 .debug_aranges
                0x00000000       0x40 ./src/fs4500.o
 .debug_ranges  0x00000000       0x30 ./src/fs4500.o
 .debug_macro   0x00000000      0x10e ./src/fs4500.o
 .debug_macro   0x00000000      0x868 ./src/fs4500.o
 .debug_macro   0x00000000       0x52 ./src/fs4500.o
 .debug_macro   0x00000000       0xa0 ./src/fs4500.o
 .debug_macro   0x00000000       0x16 ./src/fs4500.o
 .debug_macro   0x00000000       0x10 ./src/fs4500.o
 .debug_macro   0x00000000       0x6d ./src/fs4500.o
 .debug_macro   0x00000000       0x16 ./src/fs4500.o
 .debug_macro   0x00000000       0x5e ./src/fs4500.o
 .debug_macro   0x00000000      0x185 ./src/fs4500.o
 .debug_macro   0x00000000      0x147 ./src/fs4500.o
 .debug_macro   0x00000000       0x9d ./src/fs4500.o
 .debug_macro   0x00000000       0x10 ./src/fs4500.o
 .debug_macro   0x00000000      0x15b ./src/fs4500.o
 .debug_macro   0x00000000       0x28 ./src/fs4500.o
 .debug_macro   0x00000000       0x58 ./src/fs4500.o
 .debug_macro   0x00000000    0x10fc7 ./src/fs4500.o
 .debug_macro   0x00000000      0xa0c ./src/fs4500.o
 .debug_macro   0x00000000       0x22 ./src/fs4500.o
 .debug_macro   0x00000000      0x126 ./src/fs4500.o
 .debug_macro   0x00000000       0x10 ./src/fs4500.o
 .debug_macro   0x00000000      0x184 ./src/fs4500.o
 .debug_line    0x00000000      0x35d ./src/fs4500.o
 .debug_str     0x00000000    0x78229 ./src/fs4500.o
 .comment       0x00000000       0x71 ./src/fs4500.o
 .debug_frame   0x00000000       0xb4 ./src/fs4500.o
 .ARM.attributes
                0x00000000       0x33 ./src/fs4500.o
 COMMON         0x00000000      0x1b4 ./src/fs4500.o
 .group         0x00000000        0x8 ./src/main.o
 .group         0x00000000        0x8 ./src/main.o
 .group         0x00000000        0x8 ./src/main.o
 .group         0x00000000        0x8 ./src/main.o
 .group         0x00000000        0x8 ./src/main.o
 .group         0x00000000        0x8 ./src/main.o
 .group         0x00000000        0x8 ./src/main.o
 .group         0x00000000        0x8 ./src/main.o
 .group         0x00000000        0x8 ./src/main.o
 .group         0x00000000        0x8 ./src/main.o
 .group         0x00000000        0x8 ./src/main.o
 .group         0x00000000        0x8 ./src/main.o
 .group         0x00000000        0x8 ./src/main.o
 .group         0x00000000        0x8 ./src/main.o
 .group         0x00000000        0x8 ./src/main.o
 .group         0x00000000        0x8 ./src/main.o
 .group         0x00000000        0x8 ./src/main.o
 .group         0x00000000        0x8 ./src/main.o
 .group         0x00000000        0x8 ./src/main.o
 .group         0x00000000        0x8 ./src/main.o
 .group         0x00000000        0x8 ./src/main.o
 .group         0x00000000        0x8 ./src/main.o
 .group         0x00000000        0x8 ./src/main.o
 .group         0x00000000        0x8 ./src/main.o
 .group         0x00000000        0x8 ./src/main.o
 .group         0x00000000        0x8 ./src/main.o
 .group         0x00000000        0x8 ./src/main.o
 .text          0x00000000        0x0 ./src/main.o
 .data          0x00000000        0x0 ./src/main.o
 .bss           0x00000000        0x0 ./src/main.o
 .bss.part_id   0x00000000        0x1 ./src/main.o
 .debug_macro   0x00000000      0x868 ./src/main.o
 .debug_macro   0x00000000       0x52 ./src/main.o
 .debug_macro   0x00000000       0xa0 ./src/main.o
 .debug_macro   0x00000000       0x16 ./src/main.o
 .debug_macro   0x00000000       0x10 ./src/main.o
 .debug_macro   0x00000000       0x6d ./src/main.o
 .debug_macro   0x00000000       0x16 ./src/main.o
 .debug_macro   0x00000000       0x5e ./src/main.o
 .debug_macro   0x00000000      0x185 ./src/main.o
 .debug_macro   0x00000000      0x147 ./src/main.o
 .debug_macro   0x00000000       0x9d ./src/main.o
 .debug_macro   0x00000000       0x10 ./src/main.o
 .debug_macro   0x00000000      0x15b ./src/main.o
 .debug_macro   0x00000000       0x28 ./src/main.o
 .debug_macro   0x00000000       0x58 ./src/main.o
 .debug_macro   0x00000000    0x10fc7 ./src/main.o
 .debug_macro   0x00000000      0xa0c ./src/main.o
 .debug_macro   0x00000000       0x22 ./src/main.o
 .debug_macro   0x00000000      0x130 ./src/main.o
 .debug_macro   0x00000000       0x16 ./src/main.o
 .debug_macro   0x00000000       0x16 ./src/main.o
 .debug_macro   0x00000000       0x16 ./src/main.o
 .debug_macro   0x00000000       0x16 ./src/main.o
 .debug_macro   0x00000000       0x8b ./src/main.o
 .debug_macro   0x00000000       0x22 ./src/main.o
 .debug_macro   0x00000000       0x10 ./src/main.o
 .debug_macro   0x00000000       0x20 ./src/main.o
 .group         0x00000000        0x8 ./src/systick.o
 .group         0x00000000        0x8 ./src/systick.o
 .group         0x00000000        0x8 ./src/systick.o
 .group         0x00000000        0x8 ./src/systick.o
 .group         0x00000000        0x8 ./src/systick.o
 .group         0x00000000        0x8 ./src/systick.o
 .group         0x00000000        0x8 ./src/systick.o
 .group         0x00000000        0x8 ./src/systick.o
 .group         0x00000000        0x8 ./src/systick.o
 .group         0x00000000        0x8 ./src/systick.o
 .group         0x00000000        0x8 ./src/systick.o
 .group         0x00000000        0x8 ./src/systick.o
 .group         0x00000000        0x8 ./src/systick.o
 .group         0x00000000        0x8 ./src/systick.o
 .group         0x00000000        0x8 ./src/systick.o
 .group         0x00000000        0x8 ./src/systick.o
 .group         0x00000000        0x8 ./src/systick.o
 .group         0x00000000        0x8 ./src/systick.o
 .text          0x00000000        0x0 ./src/systick.o
 .data          0x00000000        0x0 ./src/systick.o
 .bss           0x00000000        0x0 ./src/systick.o
 .debug_macro   0x00000000      0x868 ./src/systick.o
 .debug_macro   0x00000000       0x52 ./src/systick.o
 .debug_macro   0x00000000       0xa0 ./src/systick.o
 .debug_macro   0x00000000       0x16 ./src/systick.o
 .debug_macro   0x00000000       0x10 ./src/systick.o
 .debug_macro   0x00000000       0x6d ./src/systick.o
 .debug_macro   0x00000000       0x16 ./src/systick.o
 .debug_macro   0x00000000       0x5e ./src/systick.o
 .debug_macro   0x00000000      0x185 ./src/systick.o
 .debug_macro   0x00000000      0x147 ./src/systick.o
 .debug_macro   0x00000000       0x9d ./src/systick.o
 .debug_macro   0x00000000       0x10 ./src/systick.o
 .debug_macro   0x00000000      0x15b ./src/systick.o
 .debug_macro   0x00000000       0x28 ./src/systick.o
 .debug_macro   0x00000000       0x58 ./src/systick.o
 .debug_macro   0x00000000    0x10fc7 ./src/systick.o
 .debug_macro   0x00000000      0xa0c ./src/systick.o
 .debug_macro   0x00000000       0x22 ./src/systick.o
 .text          0x00000000        0x0 E:/s32studio/S32DS/build_tools/gcc_v4.9/arm_ewl2/lib/armv7e-m\libc99.a(exit.o)
 .data          0x00000000        0x0 E:/s32studio/S32DS/build_tools/gcc_v4.9/arm_ewl2/lib/armv7e-m\libc99.a(exit.o)
 .bss           0x00000000        0x0 E:/s32studio/S32DS/build_tools/gcc_v4.9/arm_ewl2/lib/armv7e-m\libc99.a(exit.o)
 .text.exit     0x00000000       0x38 E:/s32studio/S32DS/build_tools/gcc_v4.9/arm_ewl2/lib/armv7e-m\libc99.a(exit.o)
 .text._Exit    0x00000000        0x4 E:/s32studio/S32DS/build_tools/gcc_v4.9/arm_ewl2/lib/armv7e-m\libc99.a(exit.o)
 .bss.__stdio_exit
                0x00000000        0x4 E:/s32studio/S32DS/build_tools/gcc_v4.9/arm_ewl2/lib/armv7e-m\libc99.a(exit.o)
 .bss.__console_exit
                0x00000000        0x4 E:/s32studio/S32DS/build_tools/gcc_v4.9/arm_ewl2/lib/armv7e-m\libc99.a(exit.o)
 .debug_info    0x00000000      0x111 E:/s32studio/S32DS/build_tools/gcc_v4.9/arm_ewl2/lib/armv7e-m\libc99.a(exit.o)
 .debug_abbrev  0x00000000       0x91 E:/s32studio/S32DS/build_tools/gcc_v4.9/arm_ewl2/lib/armv7e-m\libc99.a(exit.o)
 .debug_loc     0x00000000       0x5d E:/s32studio/S32DS/build_tools/gcc_v4.9/arm_ewl2/lib/armv7e-m\libc99.a(exit.o)
 .debug_aranges
                0x00000000       0x28 E:/s32studio/S32DS/build_tools/gcc_v4.9/arm_ewl2/lib/armv7e-m\libc99.a(exit.o)
 .debug_line    0x00000000       0xa4 E:/s32studio/S32DS/build_tools/gcc_v4.9/arm_ewl2/lib/armv7e-m\libc99.a(exit.o)
 .debug_str     0x00000000      0x245 E:/s32studio/S32DS/build_tools/gcc_v4.9/arm_ewl2/lib/armv7e-m\libc99.a(exit.o)
 .comment       0x00000000       0x71 E:/s32studio/S32DS/build_tools/gcc_v4.9/arm_ewl2/lib/armv7e-m\libc99.a(exit.o)
 .debug_frame   0x00000000       0x3c E:/s32studio/S32DS/build_tools/gcc_v4.9/arm_ewl2/lib/armv7e-m\libc99.a(exit.o)
 .ARM.attributes
                0x00000000       0x33 E:/s32studio/S32DS/build_tools/gcc_v4.9/arm_ewl2/lib/armv7e-m\libc99.a(exit.o)
 .text          0x00000000        0x0 E:/s32studio/S32DS/build_tools/gcc_v4.9/arm_ewl2/lib/armv7e-m\libc99.a(memset.o)
 .data          0x00000000        0x0 E:/s32studio/S32DS/build_tools/gcc_v4.9/arm_ewl2/lib/armv7e-m\libc99.a(memset.o)
 .bss           0x00000000        0x0 E:/s32studio/S32DS/build_tools/gcc_v4.9/arm_ewl2/lib/armv7e-m\libc99.a(memset.o)
 .text.memset   0x00000000        0xc E:/s32studio/S32DS/build_tools/gcc_v4.9/arm_ewl2/lib/armv7e-m\libc99.a(memset.o)
 .debug_info    0x00000000       0xec E:/s32studio/S32DS/build_tools/gcc_v4.9/arm_ewl2/lib/armv7e-m\libc99.a(memset.o)
 .debug_abbrev  0x00000000       0x62 E:/s32studio/S32DS/build_tools/gcc_v4.9/arm_ewl2/lib/armv7e-m\libc99.a(memset.o)
 .debug_loc     0x00000000       0x64 E:/s32studio/S32DS/build_tools/gcc_v4.9/arm_ewl2/lib/armv7e-m\libc99.a(memset.o)
 .debug_aranges
                0x00000000       0x20 E:/s32studio/S32DS/build_tools/gcc_v4.9/arm_ewl2/lib/armv7e-m\libc99.a(memset.o)
 .debug_line    0x00000000       0x8f E:/s32studio/S32DS/build_tools/gcc_v4.9/arm_ewl2/lib/armv7e-m\libc99.a(memset.o)
 .debug_str     0x00000000      0x228 E:/s32studio/S32DS/build_tools/gcc_v4.9/arm_ewl2/lib/armv7e-m\libc99.a(memset.o)
 .comment       0x00000000       0x71 E:/s32studio/S32DS/build_tools/gcc_v4.9/arm_ewl2/lib/armv7e-m\libc99.a(memset.o)
 .debug_frame   0x00000000       0x28 E:/s32studio/S32DS/build_tools/gcc_v4.9/arm_ewl2/lib/armv7e-m\libc99.a(memset.o)
 .ARM.attributes
                0x00000000       0x33 E:/s32studio/S32DS/build_tools/gcc_v4.9/arm_ewl2/lib/armv7e-m\libc99.a(memset.o)
 .text          0x00000000        0x0 E:/s32studio/S32DS/build_tools/gcc_v4.9/arm_ewl2/lib/armv7e-m\libc99.a(__filll_mem.o)
 .data          0x00000000        0x0 E:/s32studio/S32DS/build_tools/gcc_v4.9/arm_ewl2/lib/armv7e-m\libc99.a(__filll_mem.o)
 .bss           0x00000000        0x0 E:/s32studio/S32DS/build_tools/gcc_v4.9/arm_ewl2/lib/armv7e-m\libc99.a(__filll_mem.o)
 .text.__fill_mem
                0x00000000       0x7a E:/s32studio/S32DS/build_tools/gcc_v4.9/arm_ewl2/lib/armv7e-m\libc99.a(__filll_mem.o)
 .debug_info    0x00000000      0x137 E:/s32studio/S32DS/build_tools/gcc_v4.9/arm_ewl2/lib/armv7e-m\libc99.a(__filll_mem.o)
 .debug_abbrev  0x00000000       0x78 E:/s32studio/S32DS/build_tools/gcc_v4.9/arm_ewl2/lib/armv7e-m\libc99.a(__filll_mem.o)
 .debug_loc     0x00000000      0x16b E:/s32studio/S32DS/build_tools/gcc_v4.9/arm_ewl2/lib/armv7e-m\libc99.a(__filll_mem.o)
 .debug_aranges
                0x00000000       0x20 E:/s32studio/S32DS/build_tools/gcc_v4.9/arm_ewl2/lib/armv7e-m\libc99.a(__filll_mem.o)
 .debug_line    0x00000000       0xb2 E:/s32studio/S32DS/build_tools/gcc_v4.9/arm_ewl2/lib/armv7e-m\libc99.a(__filll_mem.o)
 .debug_str     0x00000000      0x23a E:/s32studio/S32DS/build_tools/gcc_v4.9/arm_ewl2/lib/armv7e-m\libc99.a(__filll_mem.o)
 .comment       0x00000000       0x71 E:/s32studio/S32DS/build_tools/gcc_v4.9/arm_ewl2/lib/armv7e-m\libc99.a(__filll_mem.o)
 .debug_frame   0x00000000       0x28 E:/s32studio/S32DS/build_tools/gcc_v4.9/arm_ewl2/lib/armv7e-m\libc99.a(__filll_mem.o)
 .ARM.attributes
                0x00000000       0x33 E:/s32studio/S32DS/build_tools/gcc_v4.9/arm_ewl2/lib/armv7e-m\libc99.a(__filll_mem.o)
 .text          0x00000000        0x0 E:/s32studio/S32DS/build_tools/gcc_v4.9/arm_ewl2/lib/armv7e-m\librt.a(gcc_ctor_dtor.o)
 .data          0x00000000        0x0 E:/s32studio/S32DS/build_tools/gcc_v4.9/arm_ewl2/lib/armv7e-m\librt.a(gcc_ctor_dtor.o)
 .bss           0x00000000        0x0 E:/s32studio/S32DS/build_tools/gcc_v4.9/arm_ewl2/lib/armv7e-m\librt.a(gcc_ctor_dtor.o)
 .text.__init_cpp
                0x00000000       0x4c E:/s32studio/S32DS/build_tools/gcc_v4.9/arm_ewl2/lib/armv7e-m\librt.a(gcc_ctor_dtor.o)
 .text.__fini_cpp
                0x00000000       0x34 E:/s32studio/S32DS/build_tools/gcc_v4.9/arm_ewl2/lib/armv7e-m\librt.a(gcc_ctor_dtor.o)
 .bss.__dso_handle
                0x00000000        0x4 E:/s32studio/S32DS/build_tools/gcc_v4.9/arm_ewl2/lib/armv7e-m\librt.a(gcc_ctor_dtor.o)
 .debug_info    0x00000000      0x136 E:/s32studio/S32DS/build_tools/gcc_v4.9/arm_ewl2/lib/armv7e-m\librt.a(gcc_ctor_dtor.o)
 .debug_abbrev  0x00000000       0x99 E:/s32studio/S32DS/build_tools/gcc_v4.9/arm_ewl2/lib/armv7e-m\librt.a(gcc_ctor_dtor.o)
 .debug_loc     0x00000000       0x9d E:/s32studio/S32DS/build_tools/gcc_v4.9/arm_ewl2/lib/armv7e-m\librt.a(gcc_ctor_dtor.o)
 .debug_aranges
                0x00000000       0x28 E:/s32studio/S32DS/build_tools/gcc_v4.9/arm_ewl2/lib/armv7e-m\librt.a(gcc_ctor_dtor.o)
 .debug_line    0x00000000       0x64 E:/s32studio/S32DS/build_tools/gcc_v4.9/arm_ewl2/lib/armv7e-m\librt.a(gcc_ctor_dtor.o)
 .debug_str     0x00000000      0x28a E:/s32studio/S32DS/build_tools/gcc_v4.9/arm_ewl2/lib/armv7e-m\librt.a(gcc_ctor_dtor.o)
 .comment       0x00000000       0x71 E:/s32studio/S32DS/build_tools/gcc_v4.9/arm_ewl2/lib/armv7e-m\librt.a(gcc_ctor_dtor.o)
 .debug_frame   0x00000000       0x40 E:/s32studio/S32DS/build_tools/gcc_v4.9/arm_ewl2/lib/armv7e-m\librt.a(gcc_ctor_dtor.o)
 .ARM.attributes
                0x00000000       0x33 E:/s32studio/S32DS/build_tools/gcc_v4.9/arm_ewl2/lib/armv7e-m\librt.a(gcc_ctor_dtor.o)
 .text          0x00000000        0x0 E:/s32studio/S32DS/build_tools/gcc_v4.9/arm_ewl2/lib/armv7e-m\librt.a(__arm_eabi_init.o)
 .data          0x00000000        0x0 E:/s32studio/S32DS/build_tools/gcc_v4.9/arm_ewl2/lib/armv7e-m\librt.a(__arm_eabi_init.o)
 .bss           0x00000000        0x0 E:/s32studio/S32DS/build_tools/gcc_v4.9/arm_ewl2/lib/armv7e-m\librt.a(__arm_eabi_init.o)
 .text.__destroy_global_chain
                0x00000000       0x18 E:/s32studio/S32DS/build_tools/gcc_v4.9/arm_ewl2/lib/armv7e-m\librt.a(__arm_eabi_init.o)
 .text.__register_global_object
                0x00000000       0x14 E:/s32studio/S32DS/build_tools/gcc_v4.9/arm_ewl2/lib/armv7e-m\librt.a(__arm_eabi_init.o)
 .text.__cxa_atexit
                0x00000000       0x38 E:/s32studio/S32DS/build_tools/gcc_v4.9/arm_ewl2/lib/armv7e-m\librt.a(__arm_eabi_init.o)
 .text.__aeabi_atexit
                0x00000000        0xa E:/s32studio/S32DS/build_tools/gcc_v4.9/arm_ewl2/lib/armv7e-m\librt.a(__arm_eabi_init.o)
 .text.__register_atexit
                0x00000000        0x8 E:/s32studio/S32DS/build_tools/gcc_v4.9/arm_ewl2/lib/armv7e-m\librt.a(__arm_eabi_init.o)
 .text.__init_registers
                0x00000000       0x20 E:/s32studio/S32DS/build_tools/gcc_v4.9/arm_ewl2/lib/armv7e-m\librt.a(__arm_eabi_init.o)
 .text.__init_hardware
                0x00000000        0x4 E:/s32studio/S32DS/build_tools/gcc_v4.9/arm_ewl2/lib/armv7e-m\librt.a(__arm_eabi_init.o)
 .text.__init_user
                0x00000000        0x4 E:/s32studio/S32DS/build_tools/gcc_v4.9/arm_ewl2/lib/armv7e-m\librt.a(__arm_eabi_init.o)
 .bss.atexit_curr_func
                0x00000000        0x4 E:/s32studio/S32DS/build_tools/gcc_v4.9/arm_ewl2/lib/armv7e-m\librt.a(__arm_eabi_init.o)
 .bss.atexit_funcs
                0x00000000      0x300 E:/s32studio/S32DS/build_tools/gcc_v4.9/arm_ewl2/lib/armv7e-m\librt.a(__arm_eabi_init.o)
 .bss.__global_destructor_chain
                0x00000000        0x4 E:/s32studio/S32DS/build_tools/gcc_v4.9/arm_ewl2/lib/armv7e-m\librt.a(__arm_eabi_init.o)
 .debug_info    0x00000000      0x2b3 E:/s32studio/S32DS/build_tools/gcc_v4.9/arm_ewl2/lib/armv7e-m\librt.a(__arm_eabi_init.o)
 .debug_abbrev  0x00000000      0x1d3 E:/s32studio/S32DS/build_tools/gcc_v4.9/arm_ewl2/lib/armv7e-m\librt.a(__arm_eabi_init.o)
 .debug_loc     0x00000000      0x144 E:/s32studio/S32DS/build_tools/gcc_v4.9/arm_ewl2/lib/armv7e-m\librt.a(__arm_eabi_init.o)
 .debug_aranges
                0x00000000       0x58 E:/s32studio/S32DS/build_tools/gcc_v4.9/arm_ewl2/lib/armv7e-m\librt.a(__arm_eabi_init.o)
 .debug_line    0x00000000      0x107 E:/s32studio/S32DS/build_tools/gcc_v4.9/arm_ewl2/lib/armv7e-m\librt.a(__arm_eabi_init.o)
 .debug_str     0x00000000      0x2be E:/s32studio/S32DS/build_tools/gcc_v4.9/arm_ewl2/lib/armv7e-m\librt.a(__arm_eabi_init.o)
 .comment       0x00000000       0x71 E:/s32studio/S32DS/build_tools/gcc_v4.9/arm_ewl2/lib/armv7e-m\librt.a(__arm_eabi_init.o)
 .debug_frame   0x00000000       0xac E:/s32studio/S32DS/build_tools/gcc_v4.9/arm_ewl2/lib/armv7e-m\librt.a(__arm_eabi_init.o)
 .ARM.attributes
                0x00000000       0x33 E:/s32studio/S32DS/build_tools/gcc_v4.9/arm_ewl2/lib/armv7e-m\librt.a(__arm_eabi_init.o)
 .text          0x00000000        0x0 E:/s32studio/S32DS/build_tools/gcc_v4.9/arm_ewl2/lib/armv7e-m\librt.a(ROMCopy.o)
 .data          0x00000000        0x0 E:/s32studio/S32DS/build_tools/gcc_v4.9/arm_ewl2/lib/armv7e-m\librt.a(ROMCopy.o)
 .bss           0x00000000        0x0 E:/s32studio/S32DS/build_tools/gcc_v4.9/arm_ewl2/lib/armv7e-m\librt.a(ROMCopy.o)
 .text.__flush_cache
                0x00000000        0x2 E:/s32studio/S32DS/build_tools/gcc_v4.9/arm_ewl2/lib/armv7e-m\librt.a(ROMCopy.o)
 .text.__copy_rom_section
                0x00000000       0x42 E:/s32studio/S32DS/build_tools/gcc_v4.9/arm_ewl2/lib/armv7e-m\librt.a(ROMCopy.o)
 .text.__copy_rom_sections_to_ram
                0x00000000       0x28 E:/s32studio/S32DS/build_tools/gcc_v4.9/arm_ewl2/lib/armv7e-m\librt.a(ROMCopy.o)
 .debug_info    0x00000000      0x20e E:/s32studio/S32DS/build_tools/gcc_v4.9/arm_ewl2/lib/armv7e-m\librt.a(ROMCopy.o)
 .debug_abbrev  0x00000000      0x11f E:/s32studio/S32DS/build_tools/gcc_v4.9/arm_ewl2/lib/armv7e-m\librt.a(ROMCopy.o)
 .debug_loc     0x00000000       0xb3 E:/s32studio/S32DS/build_tools/gcc_v4.9/arm_ewl2/lib/armv7e-m\librt.a(ROMCopy.o)
 .debug_aranges
                0x00000000       0x30 E:/s32studio/S32DS/build_tools/gcc_v4.9/arm_ewl2/lib/armv7e-m\librt.a(ROMCopy.o)
 .debug_line    0x00000000       0x9e E:/s32studio/S32DS/build_tools/gcc_v4.9/arm_ewl2/lib/armv7e-m\librt.a(ROMCopy.o)
 .debug_str     0x00000000      0x23c E:/s32studio/S32DS/build_tools/gcc_v4.9/arm_ewl2/lib/armv7e-m\librt.a(ROMCopy.o)
 .comment       0x00000000       0x71 E:/s32studio/S32DS/build_tools/gcc_v4.9/arm_ewl2/lib/armv7e-m\librt.a(ROMCopy.o)
 .debug_frame   0x00000000       0x48 E:/s32studio/S32DS/build_tools/gcc_v4.9/arm_ewl2/lib/armv7e-m\librt.a(ROMCopy.o)
 .ARM.attributes
                0x00000000       0x33 E:/s32studio/S32DS/build_tools/gcc_v4.9/arm_ewl2/lib/armv7e-m\librt.a(ROMCopy.o)
 .text          0x00000000        0x0 E:/s32studio/S32DS/build_tools/gcc_v4.9/arm_ewl2/lib/armv7e-m/__arm_end.o
 .data          0x00000000        0x0 E:/s32studio/S32DS/build_tools/gcc_v4.9/arm_ewl2/lib/armv7e-m/__arm_end.o
 .bss           0x00000000        0x0 E:/s32studio/S32DS/build_tools/gcc_v4.9/arm_ewl2/lib/armv7e-m/__arm_end.o
 .text._ExitProcess
                0x00000000        0x2 E:/s32studio/S32DS/build_tools/gcc_v4.9/arm_ewl2/lib/armv7e-m/__arm_end.o
 .debug_info    0x00000000       0x4e E:/s32studio/S32DS/build_tools/gcc_v4.9/arm_ewl2/lib/armv7e-m/__arm_end.o
 .debug_abbrev  0x00000000       0x4a E:/s32studio/S32DS/build_tools/gcc_v4.9/arm_ewl2/lib/armv7e-m/__arm_end.o
 .debug_aranges
                0x00000000       0x20 E:/s32studio/S32DS/build_tools/gcc_v4.9/arm_ewl2/lib/armv7e-m/__arm_end.o
 .debug_line    0x00000000       0x44 E:/s32studio/S32DS/build_tools/gcc_v4.9/arm_ewl2/lib/armv7e-m/__arm_end.o
 .debug_str     0x00000000      0x1b0 E:/s32studio/S32DS/build_tools/gcc_v4.9/arm_ewl2/lib/armv7e-m/__arm_end.o
 .comment       0x00000000       0x71 E:/s32studio/S32DS/build_tools/gcc_v4.9/arm_ewl2/lib/armv7e-m/__arm_end.o
 .debug_frame   0x00000000       0x20 E:/s32studio/S32DS/build_tools/gcc_v4.9/arm_ewl2/lib/armv7e-m/__arm_end.o
 .ARM.attributes
                0x00000000       0x33 E:/s32studio/S32DS/build_tools/gcc_v4.9/arm_ewl2/lib/armv7e-m/__arm_end.o

Memory Configuration

Name             Origin             Length             Attributes
m_interrupts     0x00000000         0x00000400         xr
m_flash_config   0x00000400         0x00000010         xr
m_text           0x00000410         0x0017fbf0         xr
m_data           0x1ffe0000         0x00020000         rw
m_data_2         0x20000000         0x0001f000         rw
*default*        0x00000000         0xffffffff

Linker script and memory map

LOAD E:/s32studio/S32DS/build_tools/gcc_v4.9/arm_ewl2/lib/armv7e-m/__arm_start.o
LOAD ./Project_Settings/Startup_Code/startup.o
LOAD ./Project_Settings/Startup_Code/startup_S32K148.o
LOAD ./Project_Settings/Startup_Code/system_S32K148.o
LOAD ./src/CRC16.o
LOAD ./src/LPSPI.o
LOAD ./src/bq79600.o
LOAD ./src/clocks_and_modes.o
LOAD ./src/fs4500.o
LOAD ./src/main.o
LOAD ./src/systick.o
START GROUP
LOAD E:/s32studio/S32DS/build_tools/gcc_v4.9/arm_ewl2/lib/armv7e-m\libc99.a
LOAD E:/s32studio/S32DS/build_tools/gcc_v4.9/arm_ewl2/lib/armv7e-m\libm.a
LOAD e:/s32studio/s32ds/build_tools/gcc_v4.9/gcc-arm-none-eabi-4_9/bin/../lib/gcc/arm-none-eabi/4.9.3/armv7e-m\libgcc.a
LOAD E:/s32studio/S32DS/build_tools/gcc_v4.9/arm_ewl2/lib/armv7e-m\librt.a
LOAD E:/s32studio/S32DS/build_tools/gcc_v4.9/arm_ewl2/lib/armv7e-m\libnoio.a
END GROUP
LOAD E:/s32studio/S32DS/build_tools/gcc_v4.9/arm_ewl2/lib/armv7e-m/__arm_end.o
                0x00000400                HEAP_SIZE = DEFINED (__heap_size__)?__heap_size__:0x400
                0x00000400                STACK_SIZE = DEFINED (__stack_size__)?__stack_size__:0x400
                0x00000400                M_VECTOR_RAM_SIZE = DEFINED (__flash_vector_table__)?0x0:0x400

.interrupts     0x00000000      0x400
                0x00000000                __VECTOR_TABLE = .
                0x00000000                . = ALIGN (0x4)
 *(.isr_vector)
 .isr_vector    0x00000000      0x400 ./Project_Settings/Startup_Code/startup_S32K148.o
                0x00000000                __isr_vector
                0x00000400                . = ALIGN (0x4)

.flash_config   0x00000400       0x10
                0x00000400                . = ALIGN (0x4)
 *(.FlashConfig)
 .FlashConfig   0x00000400       0x10 ./Project_Settings/Startup_Code/startup_S32K148.o
                0x00000410                . = ALIGN (0x4)

.text           0x00000410      0xc00
                0x00000410                . = ALIGN (0x4)
 *(.text)
 .text          0x00000410       0x44 ./Project_Settings/Startup_Code/startup_S32K148.o
                0x00000410                Reset_Handler
                0x00000450                FTM5_Ch2_Ch3_IRQHandler
                0x00000450                DebugMon_Handler
                0x00000450                CAN0_ORed_IRQHandler
                0x00000450                HardFault_Handler
                0x00000450                FTM7_Ch2_Ch3_IRQHandler
                0x00000450                Reserved103_IRQHandler
                0x00000450                FTM7_Ch6_Ch7_IRQHandler
                0x00000450                SysTick_Handler
                0x00000450                FTM2_Ovf_Reload_IRQHandler
                0x00000450                Reserved50_IRQHandler
                0x00000450                FTFC_Fault_IRQHandler
                0x00000450                FTM0_Ch6_Ch7_IRQHandler
                0x00000450                Reserved114_IRQHandler
                0x00000450                PendSV_Handler
                0x00000450                NMI_Handler
                0x00000450                ERM_double_fault_IRQHandler
                0x00000450                DMA2_IRQHandler
                0x00000450                Reserved59_IRQHandler
                0x00000450                LPIT0_Ch0_IRQHandler
                0x00000450                Reserved99_IRQHandler
                0x00000450                FTM7_Ch4_Ch5_IRQHandler
                0x00000450                FTM3_Ch6_Ch7_IRQHandler
                0x00000450                CAN2_ORed_0_15_MB_IRQHandler
                0x00000450                LPIT0_Ch3_IRQHandler
                0x00000450                LPI2C1_Master_IRQHandler
                0x00000450                FTM0_Ch4_Ch5_IRQHandler
                0x00000450                CAN1_Error_IRQHandler
                0x00000450                FTM4_Ch6_Ch7_IRQHandler
                0x00000450                FTM3_Ch0_Ch1_IRQHandler
                0x00000450                SWI_IRQHandler
                0x00000450                ADC0_IRQHandler
                0x00000450                FTM2_Ch4_Ch5_IRQHandler
                0x00000450                UsageFault_Handler
                0x00000450                FTM0_Ovf_Reload_IRQHandler
                0x00000450                FTM4_Fault_IRQHandler
                0x00000450                DefaultISR
                0x00000450                DMA9_IRQHandler
                0x00000450                Reserved58_IRQHandler
                0x00000450                FTM7_Fault_IRQHandler
                0x00000450                LPI2C1_Slave_IRQHandler
                0x00000450                CAN1_ORed_0_15_MB_IRQHandler
                0x00000450                FTM1_Ch2_Ch3_IRQHandler
                0x00000450                DMA14_IRQHandler
                0x00000450                Reserved82_IRQHandler
                0x00000450                CAN0_ORed_16_31_MB_IRQHandler
                0x00000450                LPI2C0_Slave_IRQHandler
                0x00000450                PORTD_IRQHandler
                0x00000450                SAI1_Rx_IRQHandler
                0x00000450                Reserved69_IRQHandler
                0x00000450                PORTB_IRQHandler
                0x00000450                Reserved70_IRQHandler
                0x00000450                ADC1_IRQHandler
                0x00000450                FTM2_Ch2_Ch3_IRQHandler
                0x00000450                FTM5_Ch0_Ch1_IRQHandler
                0x00000450                Reserved53_IRQHandler
                0x00000450                DMA5_IRQHandler
                0x00000450                RTC_IRQHandler
                0x00000450                PDB0_IRQHandler
                0x00000450                Reserved54_IRQHandler
                0x00000450                FTM6_Fault_IRQHandler
                0x00000450                FTM2_Ch6_Ch7_IRQHandler
                0x00000450                FTM6_Ch4_Ch5_IRQHandler
                0x00000450                FTM3_Ch2_Ch3_IRQHandler
                0x00000450                FTM6_Ch2_Ch3_IRQHandler
                0x00000450                FTM2_Ch0_Ch1_IRQHandler
                0x00000450                LPSPI1_IRQHandler
                0x00000450                LPUART1_RxTx_IRQHandler
                0x00000450                FTM4_Ovf_Reload_IRQHandler
                0x00000450                RTC_Seconds_IRQHandler
                0x00000450                FTM7_Ch0_Ch1_IRQHandler
                0x00000450                CAN2_ORed_IRQHandler
                0x00000450                Reserved110_IRQHandler
                0x00000450                DMA11_IRQHandler
                0x00000450                Reserved107_IRQHandler
                0x00000450                ENET_TIMER_IRQHandler
                0x00000450                Read_Collision_IRQHandler
                0x00000450                CAN2_Error_IRQHandler
                0x00000450                FTFC_IRQHandler
                0x00000450                DMA7_IRQHandler
                0x00000450                FTM1_Ch6_Ch7_IRQHandler
                0x00000450                FTM5_Fault_IRQHandler
                0x00000450                FTM6_Ovf_Reload_IRQHandler
                0x00000450                LPIT0_Ch1_IRQHandler
                0x00000450                FTM4_Ch0_Ch1_IRQHandler
                0x00000450                FTM1_Ch4_Ch5_IRQHandler
                0x00000450                FTM3_Ovf_Reload_IRQHandler
                0x00000450                SAI0_Tx_IRQHandler
                0x00000450                LPUART2_RxTx_IRQHandler
                0x00000450                FTM5_Ch4_Ch5_IRQHandler
                0x00000450                LPSPI0_IRQHandler
                0x00000450                WDOG_EWM_IRQHandler
                0x00000450                MemManage_Handler
                0x00000450                Reserved83_IRQHandler
                0x00000450                FTM0_Fault_IRQHandler
                0x00000450                FTM6_Ch6_Ch7_IRQHandler
                0x00000450                Reserved48_IRQHandler
                0x00000450                SVC_Handler
                0x00000450                ENET_TX_IRQHandler
                0x00000450                ERM_single_fault_IRQHandler
                0x00000450                FTM2_Fault_IRQHandler
                0x00000450                FTM0_Ch2_Ch3_IRQHandler
                0x00000450                DMA13_IRQHandler
                0x00000450                FTM4_Ch2_Ch3_IRQHandler
                0x00000450                FTM0_Ch0_Ch1_IRQHandler
                0x00000450                FTM4_Ch4_Ch5_IRQHandler
                0x00000450                FTM5_Ovf_Reload_IRQHandler
                0x00000450                FTM3_Fault_IRQHandler
                0x00000450                RCM_IRQHandler
                0x00000450                DMA3_IRQHandler
                0x00000450                Reserved100_IRQHandler
                0x00000450                DMA0_IRQHandler
                0x00000450                CAN1_ORed_IRQHandler
                0x00000450                SAI0_Rx_IRQHandler
                0x00000450                DMA15_IRQHandler
                0x00000450                SCG_IRQHandler
                0x00000450                PDB1_IRQHandler
                0x00000450                CAN2_ORed_16_31_MB_IRQHandler
                0x00000450                CAN0_Error_IRQHandler
                0x00000450                LPI2C0_Master_IRQHandler
                0x00000450                ENET_WAKE_IRQHandler
                0x00000450                DMA4_IRQHandler
                0x00000450                FTM1_Fault_IRQHandler
                0x00000450                Reserved106_IRQHandler
                0x00000450                ENET_ERR_IRQHandler
                0x00000450                DMA_Error_IRQHandler
                0x00000450                LVD_LVW_IRQHandler
                0x00000450                ENET_STOP_IRQHandler
                0x00000450                ENET_RX_IRQHandler
                0x00000450                LPIT0_Ch2_IRQHandler
                0x00000450                PORTA_IRQHandler
                0x00000450                FTM5_Ch6_Ch7_IRQHandler
                0x00000450                CAN1_ORed_16_31_MB_IRQHandler
                0x00000450                MCM_IRQHandler
                0x00000450                LPSPI2_IRQHandler
                0x00000450                DMA12_IRQHandler
                0x00000450                FTM7_Ovf_Reload_IRQHandler
                0x00000450                FTM3_Ch4_Ch5_IRQHandler
                0x00000450                CAN0_ORed_0_15_MB_IRQHandler
                0x00000450                PORTE_IRQHandler
                0x00000450                LPUART0_RxTx_IRQHandler
                0x00000450                FTM6_Ch0_Ch1_IRQHandler
                0x00000450                LPTMR0_IRQHandler
                0x00000450                BusFault_Handler
                0x00000450                FTM1_Ovf_Reload_IRQHandler
                0x00000450                DMA8_IRQHandler
                0x00000450                DMA10_IRQHandler
                0x00000450                CAN0_Wake_Up_IRQHandler
                0x00000450                QSPI_IRQHandler
                0x00000450                CMP0_IRQHandler
                0x00000450                Reserved52_IRQHandler
                0x00000450                PORTC_IRQHandler
                0x00000450                DMA6_IRQHandler
                0x00000450                FTM1_Ch0_Ch1_IRQHandler
                0x00000450                FLEXIO_IRQHandler
                0x00000450                SAI1_Tx_IRQHandler
                0x00000450                DMA1_IRQHandler
                0x00000450                Reserved113_IRQHandler
 *(.text*)
 .text.init_data_bss
                0x00000454       0xf4 ./Project_Settings/Startup_Code/startup.o
                0x00000454                init_data_bss
 .text.SystemInit
                0x00000548       0x30 ./Project_Settings/Startup_Code/system_S32K148.o
                0x00000548                SystemInit
 .text.do_crc_table
                0x00000578       0x50 ./src/CRC16.o
                0x00000578                do_crc_table
 .text.LPSPI1_init_master
                0x000005c8       0xb4 ./src/LPSPI.o
                0x000005c8                LPSPI1_init_master
 .text.LPSPI1_transmit_8bits
                0x0000067c       0x38 ./src/LPSPI.o
                0x0000067c                LPSPI1_transmit_8bits
 .text.LPSPI1_receive_8bits
                0x000006b4       0x40 ./src/LPSPI.o
                0x000006b4                LPSPI1_receive_8bits
 .text.BQ79600_Single_Read
                0x000006f4      0x174 ./src/bq79600.o
                0x000006f4                BQ79600_Single_Read
 .text.BQ79600_Comm_Clear
                0x00000868        0xc ./src/bq79600.o
                0x00000868                BQ79600_Comm_Clear
 .text.SOSC_init_8MHz
                0x00000874       0x4c ./src/clocks_and_modes.o
                0x00000874                SOSC_init_8MHz
 .text.SPLL_init_160MHz
                0x000008c0       0x88 ./src/clocks_and_modes.o
                0x000008c0                SPLL_init_160MHz
 .text.NormalRUNmode_80MHz
                0x00000948       0x2c ./src/clocks_and_modes.o
                0x00000948                NormalRUNmode_80MHz
 .text.WDOG_disable
                0x00000974       0x2c ./src/main.o
                0x00000974                WDOG_disable
 .text.PORT_init
                0x000009a0      0x130 ./src/main.o
                0x000009a0                PORT_init
 .text.main     0x00000ad0       0x58 ./src/main.o
                0x00000ad0                main
 .text.s32_systick_init
                0x00000b28       0x40 ./src/systick.o
                0x00000b28                s32_systick_init
 .text.delay_us
                0x00000b68       0x7c ./src/systick.o
                0x00000b68                delay_us
 .text.delay_ms
                0x00000be4       0x2c ./src/systick.o
                0x00000be4                delay_ms
 *(.rodata)
 *(.rodata*)
 .rodata.crc_table
                0x00000c10      0x400 ./src/CRC16.o
                0x00000c10                crc_table
 *(.glue_7)
 .glue_7        0x00000000        0x0 linker stubs
 *(.glue_7t)
 .glue_7t       0x00000000        0x0 linker stubs
 *(.eh_frame)
 *(.init)
 *(.fini)
                0x00001010                . = ALIGN (0x4)

.vfp11_veneer   0x00001010        0x0
 .vfp11_veneer  0x00000000        0x0 linker stubs

.v4_bx          0x00001010        0x0
 .v4_bx         0x00000000        0x0 linker stubs

.iplt           0x00001010        0x0
 .iplt          0x00000000        0x0 E:/s32studio/S32DS/build_tools/gcc_v4.9/arm_ewl2/lib/armv7e-m/__arm_start.o

.rel.dyn        0x00001010        0x0
 .rel.iplt      0x00000000        0x0 E:/s32studio/S32DS/build_tools/gcc_v4.9/arm_ewl2/lib/armv7e-m/__arm_start.o

.ARM.extab
 *(.ARM.extab* .gnu.linkonce.armextab.*)

.ARM            0x00001010        0x0
                0x00001010                __exidx_start = .
 *(.ARM.exidx*)
                0x00001010                __exidx_end = .

.ctors          0x00001010        0x0
                0x00001010                __CTOR_LIST__ = .
 *crtbegin.o(.ctors)
 *crtbegin?.o(.ctors)
 *(EXCLUDE_FILE(*crtend.o *crtend?.o) .ctors)
 *(SORT(.ctors.*))
 *(.ctors)
                0x00001010                __CTOR_END__ = .

.dtors          0x00001010        0x0
                0x00001010                __DTOR_LIST__ = .
 *crtbegin.o(.dtors)
 *crtbegin?.o(.dtors)
 *(EXCLUDE_FILE(*crtend.o *crtend?.o) .dtors)
 *(SORT(.dtors.*))
 *(.dtors)
                0x00001010                __DTOR_END__ = .

.preinit_array  0x00001010        0x0
                0x00001010                PROVIDE (__preinit_array_start, .)
 *(.preinit_array*)
                0x00001010                PROVIDE (__preinit_array_end, .)

.init_array     0x00001010        0x0
                0x00001010                PROVIDE (__init_array_start, .)
 *(SORT(.init_array.*))
 *(.init_array*)
                0x00001010                PROVIDE (__init_array_end, .)

.fini_array     0x00001010        0x0
                0x00001010                PROVIDE (__fini_array_start, .)
 *(SORT(.fini_array.*))
 *(.fini_array*)
                0x00001010                PROVIDE (__fini_array_end, .)
                0x00001010                __etext = .
                0x00001010                __DATA_ROM = .

.interrupts_ram
                0x1ffe0000      0x400
                0x1ffe0000                . = ALIGN (0x4)
                0x1ffe0000                __VECTOR_RAM__ = .
                0x1ffe0000                __interrupts_ram_start__ = .
 *(.m_interrupts_ram)
                0x1ffe0400                . = (. + M_VECTOR_RAM_SIZE)
 *fill*         0x1ffe0000      0x400 
                0x1ffe0400                . = ALIGN (0x4)
                0x1ffe0400                __interrupts_ram_end__ = .
                0x1ffe0000                __VECTOR_RAM = DEFINED (__flash_vector_table__)?ORIGIN (m_interrupts):__VECTOR_RAM__
                0x00000400                __RAM_VECTOR_TABLE_SIZE = DEFINED (__flash_vector_table__)?0x0:(__interrupts_ram_end__ - __interrupts_ram_start__)

.data           0x1ffe0400        0x0 load address 0x00001010
                0x1ffe0400                . = ALIGN (0x4)
                0x1ffe0400                __DATA_RAM = .
                0x1ffe0400                __data_start__ = .
 *(.data)
 *(.data*)
 *(.jcr*)
                0x1ffe0400                . = ALIGN (0x4)
                0x1ffe0400                __data_end__ = .
                0x00001010                __DATA_END = (__DATA_ROM + (__data_end__ - __data_start__))
                0x00001010                __CODE_ROM = __DATA_END

.igot.plt       0x1ffe0400        0x0
 .igot.plt      0x00000000        0x0 E:/s32studio/S32DS/build_tools/gcc_v4.9/arm_ewl2/lib/armv7e-m/__arm_start.o

.code           0x1ffe0400        0x0 load address 0x00001010
                0x1ffe0400                . = ALIGN (0x4)
                0x1ffe0400                __CODE_RAM = .
                0x1ffe0400                __code_start__ = .
 *(.code_ram)
                0x1ffe0400                . = ALIGN (0x4)
                0x1ffe0400                __code_end__ = .
                0x00001010                __CODE_END = (__CODE_ROM + (__code_end__ - __code_start__))

.customSectionBlock
 *(.customSection)

.bss            0x20000000       0x20
                0x20000000                . = ALIGN (0x4)
                0x20000000                __BSS_START = .
                0x20000000                __bss_start__ = .
 *(.bss)
 *(.bss*)
 .bss.test_buffer
                0x20000000        0x8 ./src/main.o
                0x20000000                test_buffer
 .bss.fac_us    0x20000008        0x4 ./src/systick.o
 *(COMMON)
 COMMON         0x2000000c       0x14 ./src/bq79600.o
                0x2000000c                send_buf
                0x20000020                . = ALIGN (0x4)
                0x20000020                __bss_end__ = .
                0x20000020                __BSS_END = .

.heap           0x20000020      0x400
                0x20000020                . = ALIGN (0x8)
                0x20000020                __end__ = .
                0x20000020                PROVIDE (end, .)
                0x20000020                PROVIDE (_end, .)
                0x20000020                PROVIDE (__end, .)
                0x20000020                __HeapBase = .
                0x20000420                . = (. + HEAP_SIZE)
 *fill*         0x20000020      0x400 
                0x20000420                __HeapLimit = .
                0x20000420                __heap_limit = .

.stack          0x20000420      0x400
                0x20000420                . = ALIGN (0x8)
                0x20000820                . = (. + STACK_SIZE)
 *fill*         0x20000420      0x400 
                0x2001f000                __StackTop = (ORIGIN (m_data_2) + 0x1f000)
                0x2001ec00                __StackLimit = (__StackTop - STACK_SIZE)
                0x2001f000                PROVIDE (__stack, __StackTop)

.ARM.attributes
                0x00000000       0x31
 *(.ARM.attributes)
 .ARM.attributes
                0x00000000       0x33 ./Project_Settings/Startup_Code/startup.o
 .ARM.attributes
                0x00000033       0x1b ./Project_Settings/Startup_Code/startup_S32K148.o
 .ARM.attributes
                0x0000004e       0x33 ./Project_Settings/Startup_Code/system_S32K148.o
 .ARM.attributes
                0x00000081       0x33 ./src/CRC16.o
 .ARM.attributes
                0x000000b4       0x33 ./src/LPSPI.o
 .ARM.attributes
                0x000000e7       0x33 ./src/bq79600.o
 .ARM.attributes
                0x0000011a       0x33 ./src/clocks_and_modes.o
 .ARM.attributes
                0x0000014d       0x33 ./src/main.o
 .ARM.attributes
                0x00000180       0x33 ./src/systick.o
                0x00000001                ASSERT ((__StackLimit >= __HeapLimit), region m_data_2 overflowed with stack and heap)
OUTPUT(S32K148_Project_LPSPI.elf elf32-littlearm)

.debug_info     0x00000000     0x16c4
 .debug_info    0x00000000      0x3eb ./Project_Settings/Startup_Code/startup.o
 .debug_info    0x000003eb       0x8b ./Project_Settings/Startup_Code/startup_S32K148.o
 .debug_info    0x00000476      0x500 ./Project_Settings/Startup_Code/system_S32K148.o
 .debug_info    0x00000976       0xee ./src/CRC16.o
 .debug_info    0x00000a64      0x2c7 ./src/LPSPI.o
 .debug_info    0x00000d2b      0x280 ./src/bq79600.o
 .debug_info    0x00000fab      0x269 ./src/clocks_and_modes.o
 .debug_info    0x00001214      0x31e ./src/main.o
 .debug_info    0x00001532      0x192 ./src/systick.o

.debug_abbrev   0x00000000      0x787
 .debug_abbrev  0x00000000      0x101 ./Project_Settings/Startup_Code/startup.o
 .debug_abbrev  0x00000101       0x14 ./Project_Settings/Startup_Code/startup_S32K148.o
 .debug_abbrev  0x00000115      0x118 ./Project_Settings/Startup_Code/system_S32K148.o
 .debug_abbrev  0x0000022d       0x9a ./src/CRC16.o
 .debug_abbrev  0x000002c7      0x125 ./src/LPSPI.o
 .debug_abbrev  0x000003ec       0xfe ./src/bq79600.o
 .debug_abbrev  0x000004ea       0xc2 ./src/clocks_and_modes.o
 .debug_abbrev  0x000005ac       0xe2 ./src/main.o
 .debug_abbrev  0x0000068e       0xf9 ./src/systick.o

.debug_aranges  0x00000000      0x190
 .debug_aranges
                0x00000000       0x20 ./Project_Settings/Startup_Code/startup.o
 .debug_aranges
                0x00000020       0x20 ./Project_Settings/Startup_Code/startup_S32K148.o
 .debug_aranges
                0x00000040       0x30 ./Project_Settings/Startup_Code/system_S32K148.o
 .debug_aranges
                0x00000070       0x20 ./src/CRC16.o
 .debug_aranges
                0x00000090       0x40 ./src/LPSPI.o
 .debug_aranges
                0x000000d0       0x30 ./src/bq79600.o
 .debug_aranges
                0x00000100       0x30 ./src/clocks_and_modes.o
 .debug_aranges
                0x00000130       0x30 ./src/main.o
 .debug_aranges
                0x00000160       0x30 ./src/systick.o

.debug_ranges   0x00000000       0xf0
 .debug_ranges  0x00000000       0x10 ./Project_Settings/Startup_Code/startup.o
 .debug_ranges  0x00000010       0x20 ./Project_Settings/Startup_Code/system_S32K148.o
 .debug_ranges  0x00000030       0x10 ./src/CRC16.o
 .debug_ranges  0x00000040       0x30 ./src/LPSPI.o
 .debug_ranges  0x00000070       0x20 ./src/bq79600.o
 .debug_ranges  0x00000090       0x20 ./src/clocks_and_modes.o
 .debug_ranges  0x000000b0       0x20 ./src/main.o
 .debug_ranges  0x000000d0       0x20 ./src/systick.o

.debug_macro    0x00000000    0x135b2
 .debug_macro   0x00000000       0xe9 ./Project_Settings/Startup_Code/startup.o
 .debug_macro   0x000000e9      0x868 ./Project_Settings/Startup_Code/startup.o
 .debug_macro   0x00000951       0x52 ./Project_Settings/Startup_Code/startup.o
 .debug_macro   0x000009a3       0xa0 ./Project_Settings/Startup_Code/startup.o
 .debug_macro   0x00000a43       0x16 ./Project_Settings/Startup_Code/startup.o
 .debug_macro   0x00000a59       0x10 ./Project_Settings/Startup_Code/startup.o
 .debug_macro   0x00000a69       0x6d ./Project_Settings/Startup_Code/startup.o
 .debug_macro   0x00000ad6       0x16 ./Project_Settings/Startup_Code/startup.o
 .debug_macro   0x00000aec       0x5e ./Project_Settings/Startup_Code/startup.o
 .debug_macro   0x00000b4a      0x185 ./Project_Settings/Startup_Code/startup.o
 .debug_macro   0x00000ccf      0x147 ./Project_Settings/Startup_Code/startup.o
 .debug_macro   0x00000e16       0x9d ./Project_Settings/Startup_Code/startup.o
 .debug_macro   0x00000eb3       0x10 ./Project_Settings/Startup_Code/startup.o
 .debug_macro   0x00000ec3      0x15b ./Project_Settings/Startup_Code/startup.o
 .debug_macro   0x0000101e       0x28 ./Project_Settings/Startup_Code/startup.o
 .debug_macro   0x00001046       0x58 ./Project_Settings/Startup_Code/startup.o
 .debug_macro   0x0000109e    0x10fc7 ./Project_Settings/Startup_Code/startup.o
 .debug_macro   0x00012065      0xa0c ./Project_Settings/Startup_Code/startup.o
 .debug_macro   0x00012a71       0x22 ./Project_Settings/Startup_Code/startup.o
 .debug_macro   0x00012a93       0xe8 ./Project_Settings/Startup_Code/system_S32K148.o
 .debug_macro   0x00012b7b       0x22 ./Project_Settings/Startup_Code/system_S32K148.o
 .debug_macro   0x00012b9d      0x197 ./src/CRC16.o
 .debug_macro   0x00012d34       0x16 ./src/CRC16.o
 .debug_macro   0x00012d4a       0x16 ./src/CRC16.o
 .debug_macro   0x00012d60       0x16 ./src/CRC16.o
 .debug_macro   0x00012d76       0x16 ./src/CRC16.o
 .debug_macro   0x00012d8c       0x8b ./src/CRC16.o
 .debug_macro   0x00012e17       0x22 ./src/CRC16.o
 .debug_macro   0x00012e39       0x10 ./src/CRC16.o
 .debug_macro   0x00012e49       0x20 ./src/CRC16.o
 .debug_macro   0x00012e69       0xdf ./src/LPSPI.o
 .debug_macro   0x00012f48      0x1b4 ./src/bq79600.o
 .debug_macro   0x000130fc      0x130 ./src/bq79600.o
 .debug_macro   0x0001322c       0xe9 ./src/clocks_and_modes.o
 .debug_macro   0x00013315      0x1be ./src/main.o
 .debug_macro   0x000134d3       0xdf ./src/systick.o

.debug_line     0x00000000     0x172b
 .debug_line    0x00000000      0x26f ./Project_Settings/Startup_Code/startup.o
 .debug_line    0x0000026f       0x83 ./Project_Settings/Startup_Code/startup_S32K148.o
 .debug_line    0x000002f2      0x2aa ./Project_Settings/Startup_Code/system_S32K148.o
 .debug_line    0x0000059c      0x2dc ./src/CRC16.o
 .debug_line    0x00000878      0x2ac ./src/LPSPI.o
 .debug_line    0x00000b24      0x3a8 ./src/bq79600.o
 .debug_line    0x00000ecc      0x297 ./src/clocks_and_modes.o
 .debug_line    0x00001163      0x369 ./src/main.o
 .debug_line    0x000014cc      0x25f ./src/systick.o

.debug_str      0x00000000    0x77946
 .debug_str     0x00000000    0x76a44 ./Project_Settings/Startup_Code/startup.o
                              0x76ad9 (size before relaxing)
 .debug_str     0x00076a44      0x1e3 ./Project_Settings/Startup_Code/system_S32K148.o
                              0x76ba2 (size before relaxing)
 .debug_str     0x00076c27      0x601 ./src/CRC16.o
                              0x76f13 (size before relaxing)
 .debug_str     0x00077228       0xb6 ./src/LPSPI.o
                              0x76a0d (size before relaxing)
 .debug_str     0x000772de      0x508 ./src/bq79600.o
                              0x77406 (size before relaxing)
 .debug_str     0x000777e6       0x63 ./src/clocks_and_modes.o
                              0x76a3d (size before relaxing)
 .debug_str     0x00077849       0x8f ./src/main.o
                              0x7742a (size before relaxing)
 .debug_str     0x000778d8       0x6e ./src/systick.o
                              0x7697a (size before relaxing)

.comment        0x00000000       0x70
 .comment       0x00000000       0x70 ./Project_Settings/Startup_Code/startup.o
                                 0x71 (size before relaxing)
 .comment       0x00000000       0x71 ./Project_Settings/Startup_Code/system_S32K148.o
 .comment       0x00000000       0x71 ./src/CRC16.o
 .comment       0x00000000       0x71 ./src/LPSPI.o
 .comment       0x00000000       0x71 ./src/bq79600.o
 .comment       0x00000000       0x71 ./src/clocks_and_modes.o
 .comment       0x00000000       0x71 ./src/main.o
 .comment       0x00000000       0x71 ./src/systick.o

.debug_frame    0x00000000      0x390
 .debug_frame   0x00000000       0x38 ./Project_Settings/Startup_Code/startup.o
 .debug_frame   0x00000038       0x80 ./Project_Settings/Startup_Code/system_S32K148.o
 .debug_frame   0x000000b8       0x38 ./src/CRC16.o
 .debug_frame   0x000000f0       0xd0 ./src/LPSPI.o
 .debug_frame   0x000001c0       0x78 ./src/bq79600.o
 .debug_frame   0x00000238       0x70 ./src/clocks_and_modes.o
 .debug_frame   0x000002a8       0x6c ./src/main.o
 .debug_frame   0x00000314       0x7c ./src/systick.o
